使用设备: cpu
模型: ds_cnn  参数量: 7,032  (约 27.5 KB fp32)
epoch   1/60  loss=1.1383  val_acc=0.9173  val_f1=0.2667  [16s]
epoch   2/60  loss=0.8429  val_acc=0.9286  val_f1=0.3237  [37s]
epoch   3/60  loss=0.7182  val_acc=0.9282  val_f1=0.3025  [79s]
epoch   4/60  loss=0.6315  val_acc=0.9292  val_f1=0.3041  [117s]
epoch   5/60  loss=0.5471  val_acc=0.9350  val_f1=0.3209  [145s]
epoch   6/60  loss=0.5021  val_acc=0.9441  val_f1=0.3421  [168s]
epoch   7/60  loss=0.4728  val_acc=0.9363  val_f1=0.3236  [190s]
epoch   8/60  loss=0.4520  val_acc=0.9560  val_f1=0.3663  [210s]
epoch   9/60  loss=0.4341  val_acc=0.9463  val_f1=0.3577  [229s]
epoch  10/60  loss=0.4179  val_acc=0.9453  val_f1=0.3651  [256s]
epoch  11/60  loss=0.4076  val_acc=0.9525  val_f1=0.4085  [278s]
epoch  12/60  loss=0.3903  val_acc=0.9509  val_f1=0.4264  [295s]
epoch  13/60  loss=0.3787  val_acc=0.9550  val_f1=0.4304  [315s]
epoch  14/60  loss=0.3778  val_acc=0.9493  val_f1=0.3867  [339s]
epoch  15/60  loss=0.3652  val_acc=0.9532  val_f1=0.4293  [361s]
epoch  16/60  loss=0.3632  val_acc=0.9469  val_f1=0.4103  [386s]
epoch  17/60  loss=0.3501  val_acc=0.9511  val_f1=0.4223  [408s]
epoch  18/60  loss=0.3499  val_acc=0.9587  val_f1=0.4417  [435s]
epoch  19/60  loss=0.3447  val_acc=0.9553  val_f1=0.4304  [465s]
epoch  20/60  loss=0.3426  val_acc=0.9538  val_f1=0.4387  [493s]
epoch  21/60  loss=0.3344  val_acc=0.9592  val_f1=0.4452  [522s]
epoch  22/60  loss=0.3308  val_acc=0.9529  val_f1=0.4532  [539s]
epoch  23/60  loss=0.3269  val_acc=0.9538  val_f1=0.4442  [558s]
epoch  24/60  loss=0.3254  val_acc=0.9554  val_f1=0.4341  [577s]
epoch  25/60  loss=0.3210  val_acc=0.9600  val_f1=0.4615  [595s]
epoch  26/60  loss=0.3148  val_acc=0.9584  val_f1=0.4499  [635s]
epoch  27/60  loss=0.3140  val_acc=0.9522  val_f1=0.4212  [651s]
epoch  28/60  loss=0.3100  val_acc=0.9529  val_f1=0.4548  [681s]
epoch  29/60  loss=0.3091  val_acc=0.9535  val_f1=0.4398  [702s]
epoch  30/60  loss=0.3088  val_acc=0.9574  val_f1=0.4678  [722s]
epoch  31/60  loss=0.3081  val_acc=0.9514  val_f1=0.4390  [741s]
epoch  32/60  loss=0.3061  val_acc=0.9621  val_f1=0.4478  [774s]
epoch  33/60  loss=0.2998  val_acc=0.9631  val_f1=0.4872  [795s]
epoch  34/60  loss=0.3019  val_acc=0.9670  val_f1=0.5198  [820s]
epoch  35/60  loss=0.2963  val_acc=0.9611  val_f1=0.4585  [844s]
epoch  36/60  loss=0.2939  val_acc=0.9634  val_f1=0.4607  [862s]
epoch  37/60  loss=0.2953  val_acc=0.9658  val_f1=0.4737  [896s]
epoch  38/60  loss=0.2971  val_acc=0.9619  val_f1=0.4645  [914s]
epoch  39/60  loss=0.2923  val_acc=0.9635  val_f1=0.4741  [936s]
epoch  40/60  loss=0.2927  val_acc=0.9622  val_f1=0.4639  [955s]
epoch  41/60  loss=0.2883  val_acc=0.9641  val_f1=0.4687  [974s]
epoch  42/60  loss=0.2887  val_acc=0.9608  val_f1=0.4651  [1003s]
epoch  43/60  loss=0.2899  val_acc=0.9628  val_f1=0.4691  [1025s]
epoch  44/60  loss=0.2881  val_acc=0.9664  val_f1=0.4803  [1043s]
早停：连续 10 个 epoch 无提升
训练完成，耗时 1043.2s，最佳 val_acc=0.9670 (acc=0.9670, f1=0.5198)
测试集 acc=0.8682  macro_f1=0.3627
指标已保存至 D:\ecg_monitor\models\ds_cnn_metrics.json
