使用设备: cpu
模型: ds_cnn  参数量: 7,022  (约 27.4 KB fp32)
epoch   1/50  loss=1.3931  val_acc=0.2165  val_f1=0.1834  [40s]
epoch   2/50  loss=1.1356  val_acc=0.7490  val_f1=0.3554  [61s]
epoch   3/50  loss=0.9756  val_acc=0.6222  val_f1=0.3073  [100s]
epoch   4/50  loss=0.8977  val_acc=0.6397  val_f1=0.3654  [147s]
epoch   5/50  loss=0.8310  val_acc=0.6514  val_f1=0.3760  [169s]
epoch   6/50  loss=0.8045  val_acc=0.6531  val_f1=0.3971  [187s]
epoch   7/50  loss=0.7710  val_acc=0.6487  val_f1=0.4078  [217s]
epoch   8/50  loss=0.7485  val_acc=0.7400  val_f1=0.4269  [242s]
epoch   9/50  loss=0.7264  val_acc=0.7197  val_f1=0.4363  [283s]
epoch  10/50  loss=0.7124  val_acc=0.7768  val_f1=0.4356  [317s]
epoch  11/50  loss=0.6912  val_acc=0.6928  val_f1=0.4332  [337s]
epoch  12/50  loss=0.6856  val_acc=0.7200  val_f1=0.4338  [355s]
epoch  13/50  loss=0.6668  val_acc=0.7434  val_f1=0.4449  [373s]
epoch  14/50  loss=0.6595  val_acc=0.8134  val_f1=0.4362  [414s]
epoch  15/50  loss=0.6511  val_acc=0.8375  val_f1=0.4742  [452s]
epoch  16/50  loss=0.6389  val_acc=0.7824  val_f1=0.4576  [500s]
epoch  17/50  loss=0.6357  val_acc=0.7124  val_f1=0.4504  [564s]
epoch  18/50  loss=0.6264  val_acc=0.7897  val_f1=0.4704  [589s]
epoch  19/50  loss=0.6270  val_acc=0.7360  val_f1=0.4461  [616s]
epoch  20/50  loss=0.6210  val_acc=0.8167  val_f1=0.4849  [638s]
epoch  21/50  loss=0.6045  val_acc=0.8341  val_f1=0.4860  [663s]
epoch  22/50  loss=0.6065  val_acc=0.8061  val_f1=0.4787  [704s]
epoch  23/50  loss=0.6024  val_acc=0.7841  val_f1=0.4714  [743s]
epoch  24/50  loss=0.5935  val_acc=0.7997  val_f1=0.4896  [775s]
epoch  25/50  loss=0.5938  val_acc=0.8136  val_f1=0.5008  [809s]
epoch  26/50  loss=0.5909  val_acc=0.7190  val_f1=0.4579  [846s]
epoch  27/50  loss=0.5787  val_acc=0.7894  val_f1=0.4797  [886s]
epoch  28/50  loss=0.5788  val_acc=0.8273  val_f1=0.4717  [918s]
epoch  29/50  loss=0.5680  val_acc=0.7802  val_f1=0.4668  [940s]
epoch  30/50  loss=0.5733  val_acc=0.7761  val_f1=0.4750  [972s]
epoch  31/50  loss=0.5787  val_acc=0.7749  val_f1=0.4681  [994s]
epoch  32/50  loss=0.5597  val_acc=0.7955  val_f1=0.4745  [1013s]
epoch  33/50  loss=0.5642  val_acc=0.7922  val_f1=0.4710  [1034s]
epoch  34/50  loss=0.5673  val_acc=0.8507  val_f1=0.5027  [1055s]
epoch  35/50  loss=0.5581  val_acc=0.8110  val_f1=0.4858  [1074s]
epoch  36/50  loss=0.5594  val_acc=0.8205  val_f1=0.4850  [1101s]
epoch  37/50  loss=0.5596  val_acc=0.8400  val_f1=0.4970  [1130s]
epoch  38/50  loss=0.5514  val_acc=0.8336  val_f1=0.4888  [1148s]
epoch  39/50  loss=0.5452  val_acc=0.8198  val_f1=0.4835  [1170s]
epoch  40/50  loss=0.5481  val_acc=0.8153  val_f1=0.4838  [1189s]
epoch  41/50  loss=0.5553  val_acc=0.8230  val_f1=0.4810  [1208s]
epoch  42/50  loss=0.5475  val_acc=0.8200  val_f1=0.4894  [1237s]
epoch  43/50  loss=0.5532  val_acc=0.8174  val_f1=0.4824  [1259s]
epoch  44/50  loss=0.5488  val_acc=0.8299  val_f1=0.4821  [1279s]
早停：连续 10 个 epoch 无提升
训练完成，耗时 1278.6s，最佳 val_f1=0.5027 (acc=0.8507)
测试集 acc=0.7067  macro_f1=0.4114
指标已保存至 D:\ecg_monitor\models\ds_cnn_metrics.json
